[htmldemo.net/khobor/khobor/index.html]
[backblue.gif]
[fade.gif]
[index.html]
[htmldemo.net/khobor/khobor/img/favicon.ico]
[htmldemo.net/khobor/khobor/css/bootstrap.min.css]
[htmldemo.net/khobor/khobor/css/font-awesome.min.css]
[htmldemo.net/khobor/khobor/css/plugins.css]
[htmldemo.net/khobor/khobor/css/ycp.css]
[htmldemo.net/khobor/khobor/style.css]
[htmldemo.net/khobor/khobor/js/vendor/modernizr-3.11.2.min.js]
[htmldemo.net/khobor/khobor/contact-us.html]
[htmldemo.net/khobor/khobor/blog.html]
[htmldemo.net/khobor/khobor/img/logo.png]
[htmldemo.net/khobor/khobor/img/banner/header-banner-1.png]
[htmldemo.net/khobor/khobor/index-2.html]
[htmldemo.net/khobor/khobor/index-3.html]
[htmldemo.net/khobor/khobor/index-4.html]
[htmldemo.net/khobor/khobor/category-lifestyle.html]
[htmldemo.net/khobor/khobor/category-sports.html]
[htmldemo.net/khobor/khobor/post-details.html]
[htmldemo.net/khobor/khobor/img/post/post-136.jpg]
[htmldemo.net/khobor/khobor/img/post/post-137.jpg]
[htmldemo.net/khobor/khobor/img/post/post-138.jpg]
[htmldemo.net/khobor/khobor/img/post/post-139.jpg]
[htmldemo.net/khobor/khobor/img/post/post-140.jpg]
[htmldemo.net/khobor/khobor/img/post/post-141.jpg]
[htmldemo.net/khobor/khobor/img/post/post-142.jpg]
[htmldemo.net/khobor/khobor/img/post/post-143.jpg]
[htmldemo.net/khobor/khobor/category-fashion.html]
[htmldemo.net/khobor/khobor/category-politic.html]
[htmldemo.net/khobor/khobor/blog-details.html]
[htmldemo.net/khobor/khobor/img/logo-white.png]
[htmldemo.net/khobor/khobor/img/post/post-3.jpg]
[htmldemo.net/khobor/khobor/img/post/post-4.jpg]
[htmldemo.net/khobor/khobor/img/post/post-1.jpg]
[htmldemo.net/khobor/khobor/img/post/post-2.jpg]
[htmldemo.net/khobor/khobor/img/post/post-5.jpg]
[htmldemo.net/khobor/khobor/img/post/post-6.jpg]
[htmldemo.net/khobor/khobor/img/post/post-7.jpg]
[htmldemo.net/khobor/khobor/img/post/post-8.jpg]
[htmldemo.net/khobor/khobor/img/post/post-9.jpg]
[htmldemo.net/khobor/khobor/img/post/post-10.jpg]
[htmldemo.net/khobor/khobor/img/post/post-11.jpg]
[htmldemo.net/khobor/khobor/img/post/post-12.jpg]
[htmldemo.net/khobor/khobor/img/post/post-13.jpg]
[htmldemo.net/khobor/khobor/img/post/post-14.jpg]
[htmldemo.net/khobor/khobor/img/post/post-15.jpg]
[htmldemo.net/khobor/khobor/img/post/post-16.jpg]
[htmldemo.net/khobor/khobor/img/post/post-17.jpg]
[htmldemo.net/khobor/khobor/img/post/post-18.jpg]
[htmldemo.net/khobor/khobor/img/banner/sidebar-banner-1.jpg]
[htmldemo.net/khobor/khobor/img/post/post-19.jpg]
[htmldemo.net/khobor/khobor/img/post/post-20.jpg]
[htmldemo.net/khobor/khobor/img/post/post-21.jpg]
[htmldemo.net/khobor/khobor/img/post/post-22.jpg]
[htmldemo.net/khobor/khobor/img/post/post-23.jpg]
[htmldemo.net/khobor/khobor/img/post/post-24.jpg]
[htmldemo.net/khobor/khobor/img/post/post-25.jpg]
[htmldemo.net/khobor/khobor/img/banner/sidebar-banner-2.jpg]
[htmldemo.net/khobor/khobor/img/post/post-27.jpg]
[htmldemo.net/khobor/khobor/img/post/post-28.jpg]
[htmldemo.net/khobor/khobor/img/post/post-29.jpg]
[htmldemo.net/khobor/khobor/img/post/post-30.jpg]
[htmldemo.net/khobor/khobor/img/post/post-31.jpg]
[htmldemo.net/khobor/khobor/img/post/post-32.jpg]
[htmldemo.net/khobor/khobor/img/post/post-33.jpg]
[htmldemo.net/khobor/khobor/img/post/post-34.jpg]
[htmldemo.net/khobor/khobor/img/post/post-35.jpg]
[htmldemo.net/khobor/khobor/img/post/post-36.jpg]
[htmldemo.net/khobor/khobor/img/post/post-37.jpg]
[htmldemo.net/khobor/khobor/img/post/post-38.jpg]
[htmldemo.net/khobor/khobor/img/post/post-39.jpg]
[htmldemo.net/khobor/khobor/img/post/post-40.jpg]
[htmldemo.net/khobor/khobor/img/post/post-41.jpg]
[htmldemo.net/khobor/khobor/img/post/post-42.jpg]
[htmldemo.net/khobor/khobor/img/banner/post-middle-1.jpg]
[htmldemo.net/khobor/khobor/img/post/post-46.jpg]
[htmldemo.net/khobor/khobor/img/post/post-47.jpg]
[htmldemo.net/khobor/khobor/img/post/post-43.jpg]
[htmldemo.net/khobor/khobor/img/post/post-44.jpg]
[htmldemo.net/khobor/khobor/img/post/post-45.jpg]
[htmldemo.net/khobor/khobor/img/instagram/1.jpg]
[htmldemo.net/khobor/khobor/img/instagram/2.jpg]
[htmldemo.net/khobor/khobor/img/instagram/3.jpg]
[htmldemo.net/khobor/khobor/img/instagram/4.jpg]
[htmldemo.net/khobor/khobor/img/instagram/5.jpg]
[htmldemo.net/khobor/khobor/img/instagram/6.jpg]
[htmldemo.net/khobor/khobor/img/tweets/1.png]
[htmldemo.net/khobor/khobor/js/vendor/jquery-3.6.0.min.js]
[htmldemo.net/khobor/khobor/js/vendor/jquery-migrate-3.3.2.min.js]
[htmldemo.net/khobor/khobor/js/bootstrap.bundle.min.js]
[htmldemo.net/khobor/khobor/js/plugins.js]
[htmldemo.net/khobor/khobor/js/ycp.js]
[htmldemo.net/khobor/khobor/index.html]
[htmldemo.net/khobor/khobor/css/bootstrap.min.css]
[htmldemo.net/khobor/khobor/js/main.js]
[htmldemo.net/khobor/khobor/fonts/fontawesome-webfont3e6e.eot]
[htmldemo.net/khobor/khobor/fonts/fontawesome-webfontd41d.eot]
[htmldemo.net/khobor/khobor/fonts/fontawesome-webfont3e6e.woff2]
[htmldemo.net/khobor/khobor/fonts/fontawesome-webfont3e6e.woff]
[htmldemo.net/khobor/khobor/fonts/fontawesome-webfont3e6e.ttf]
[htmldemo.net/khobor/khobor/css/font-awesome.min.css]
[htmldemo.net/khobor/khobor/css/plugins.css]
[htmldemo.net/khobor/khobor/css/ycp.css]
[htmldemo.net/khobor/khobor/fonts/fontawesome-webfont3e6e.svg]
[htmldemo.net/khobor/khobor/img/shape/mail-1.png]
[htmldemo.net/khobor/khobor/img/shape/mail-2.png]
[htmldemo.net/khobor/khobor/style.css]
[htmldemo.net/khobor/khobor/img/bg/page-banner-fashion.jpg]
[htmldemo.net/khobor/khobor/contact-us.html]
[htmldemo.net/khobor/khobor/img/post/post-author-1.jpg]
[htmldemo.net/khobor/khobor/img/post/post-132.jpg]
[htmldemo.net/khobor/khobor/img/post/post-154.png]
[htmldemo.net/khobor/khobor/img/post/post-155.jpg]
[htmldemo.net/khobor/khobor/blog.html]
[htmldemo.net/khobor/khobor/img/banner/header-banner-2.jpg]
[htmldemo.net/khobor/khobor/img/post/post-50.jpg]
[htmldemo.net/khobor/khobor/img/post/post-48.jpg]
[htmldemo.net/khobor/khobor/img/post/post-49.jpg]
[htmldemo.net/khobor/khobor/img/post/post-51.jpg]
[htmldemo.net/khobor/khobor/img/post/post-52.jpg]
[htmldemo.net/khobor/khobor/img/post/post-53.jpg]
[htmldemo.net/khobor/khobor/img/post/post-54.jpg]
[htmldemo.net/khobor/khobor/img/banner/sidebar-banner-3.jpg]
[htmldemo.net/khobor/khobor/img/post/post-55.jpg]
[htmldemo.net/khobor/khobor/img/post/post-56.jpg]
[htmldemo.net/khobor/khobor/img/post/post-57.jpg]
[htmldemo.net/khobor/khobor/img/post/post-58.jpg]
[htmldemo.net/khobor/khobor/img/post/post-59.jpg]
[htmldemo.net/khobor/khobor/img/post/post-60.jpg]
[htmldemo.net/khobor/khobor/img/post/post-61.jpg]
[htmldemo.net/khobor/khobor/img/post/post-62.jpg]
[htmldemo.net/khobor/khobor/img/post/post-63.jpg]
[htmldemo.net/khobor/khobor/img/post/post-64.jpg]
[htmldemo.net/khobor/khobor/img/post/post-65.jpg]
[htmldemo.net/khobor/khobor/img/post/post-66.jpg]
[htmldemo.net/khobor/khobor/img/post/post-67.jpg]
[htmldemo.net/khobor/khobor/img/post/post-68.jpg]
[htmldemo.net/khobor/khobor/img/post/post-69.jpg]
[htmldemo.net/khobor/khobor/img/post/post-70.jpg]
[htmldemo.net/khobor/khobor/img/post/post-71.jpg]
[htmldemo.net/khobor/khobor/img/banner/sidebar-banner-4.jpg]
[htmldemo.net/khobor/khobor/img/post/post-72.jpg]
[htmldemo.net/khobor/khobor/img/post/post-73.jpg]
[htmldemo.net/khobor/khobor/img/post/post-74.jpg]
[htmldemo.net/khobor/khobor/img/banner/post-middle-2.jpg]
[htmldemo.net/khobor/khobor/img/post/post-75.jpg]
[htmldemo.net/khobor/khobor/img/post/post-76.jpg]
[htmldemo.net/khobor/khobor/img/post/post-77.jpg]
[htmldemo.net/khobor/khobor/index-2.html]
[htmldemo.net/khobor/khobor/img/logo-2.png]
[htmldemo.net/khobor/khobor/img/banner/header-banner-3.jpg]
[htmldemo.net/khobor/khobor/img/logo-white-3.png]
[htmldemo.net/khobor/khobor/img/bg/hero-bg.jpg]
[htmldemo.net/khobor/khobor/img/post/post-78.jpg]
[htmldemo.net/khobor/khobor/img/post/post-79.jpg]
[htmldemo.net/khobor/khobor/img/post/post-80.png]
[htmldemo.net/khobor/khobor/img/post/post-81.jpg]
[htmldemo.net/khobor/khobor/img/post/post-82.jpg]
[htmldemo.net/khobor/khobor/img/post/post-83.jpg]
[htmldemo.net/khobor/khobor/img/post/post-84.jpg]
[htmldemo.net/khobor/khobor/img/post/post-85.jpg]
[htmldemo.net/khobor/khobor/img/post/post-86.jpg]
[htmldemo.net/khobor/khobor/img/post/post-87.jpg]
[htmldemo.net/khobor/khobor/img/post/post-88.jpg]
[htmldemo.net/khobor/khobor/img/post/post-89.jpg]
[htmldemo.net/khobor/khobor/img/post/post-90.jpg]
[htmldemo.net/khobor/khobor/img/post/post-91.jpg]
[htmldemo.net/khobor/khobor/img/post/post-92.jpg]
[htmldemo.net/khobor/khobor/img/post/post-93.jpg]
[htmldemo.net/khobor/khobor/img/post/post-94.jpg]
[htmldemo.net/khobor/khobor/img/post/post-96.jpg]
[htmldemo.net/khobor/khobor/img/post/post-97.jpg]
[htmldemo.net/khobor/khobor/img/post/post-98.jpg]
[htmldemo.net/khobor/khobor/index-3.html]
[htmldemo.net/khobor/khobor/img/post/post-99.jpg]
[htmldemo.net/khobor/khobor/img/post/post-158.jpg]
[htmldemo.net/khobor/khobor/img/post/post-159.jpg]
[htmldemo.net/khobor/khobor/img/post/post-156.jpg]
[htmldemo.net/khobor/khobor/img/post/post-157.jpg]
[htmldemo.net/khobor/khobor/img/post/post-160.jpg]
[htmldemo.net/khobor/khobor/img/post/post-161.jpg]
[htmldemo.net/khobor/khobor/img/post/post-162.jpg]
[htmldemo.net/khobor/khobor/img/post/post-163.jpg]
[htmldemo.net/khobor/khobor/index-4.html]
[htmldemo.net/khobor/khobor/img/bg/page-banner-lifestyle.jpg]
[htmldemo.net/khobor/khobor/img/banner/page-banner-lifestyle.jpg]
[htmldemo.net/khobor/khobor/img/post/post-110.jpg]
[htmldemo.net/khobor/khobor/img/post/post-111.jpg]
[htmldemo.net/khobor/khobor/img/post/post-112.jpg]
[htmldemo.net/khobor/khobor/img/post/post-113.jpg]
[htmldemo.net/khobor/khobor/img/post/post-114.jpg]
[htmldemo.net/khobor/khobor/img/post/post-115.jpg]
[htmldemo.net/khobor/khobor/img/post/post-116.jpg]
[htmldemo.net/khobor/khobor/img/post/post-117.jpg]
[htmldemo.net/khobor/khobor/img/post/post-118.jpg]
[htmldemo.net/khobor/khobor/img/post/post-119.jpg]
[htmldemo.net/khobor/khobor/img/post/post-120.jpg]
[htmldemo.net/khobor/khobor/category-lifestyle.html]
[htmldemo.net/khobor/khobor/img/bg/page-banner-sports.jpg]
[htmldemo.net/khobor/khobor/img/banner/page-banner-sports.jpg]
[htmldemo.net/khobor/khobor/img/post/post-121.jpg]
[htmldemo.net/khobor/khobor/img/post/post-122.jpg]
[htmldemo.net/khobor/khobor/img/post/post-123.jpg]
[htmldemo.net/khobor/khobor/img/post/post-124.jpg]
[htmldemo.net/khobor/khobor/img/post/post-125.jpg]
[htmldemo.net/khobor/khobor/img/post/post-126.jpg]
[htmldemo.net/khobor/khobor/img/post/post-127.jpg]
[htmldemo.net/khobor/khobor/img/post/post-128.jpg]
[htmldemo.net/khobor/khobor/img/post/post-129.jpg]
[htmldemo.net/khobor/khobor/img/post/post-130.jpg]
[htmldemo.net/khobor/khobor/img/post/post-131.jpg]
[htmldemo.net/khobor/khobor/category-sports.html]
[htmldemo.net/khobor/khobor/img/post/post-153.jpg]
[htmldemo.net/khobor/khobor/img/bg/blockquote-bg.jpg]
[htmldemo.net/khobor/khobor/img/post/post-135.jpg]
[htmldemo.net/khobor/khobor/post-details.html]
[htmldemo.net/khobor/khobor/img/banner/page-banner-fashion.jpg]
[htmldemo.net/khobor/khobor/img/post/post-100.jpg]
[htmldemo.net/khobor/khobor/img/post/post-101.jpg]
[htmldemo.net/khobor/khobor/img/post/post-102.jpg]
[htmldemo.net/khobor/khobor/img/post/post-109.jpg]
[htmldemo.net/khobor/khobor/img/post/post-103.jpg]
[htmldemo.net/khobor/khobor/img/post/post-104.jpg]
[htmldemo.net/khobor/khobor/img/post/post-105.jpg]
[htmldemo.net/khobor/khobor/img/post/post-106.jpg]
[htmldemo.net/khobor/khobor/img/post/post-107.jpg]
[htmldemo.net/khobor/khobor/img/post/post-108.jpg]
[htmldemo.net/khobor/khobor/category-fashion.html]
[htmldemo.net/khobor/khobor/img/bg/page-banner-politic.jpg]
[htmldemo.net/khobor/khobor/img/banner/page-banner-politic.jpg]
[htmldemo.net/khobor/khobor/img/post/post-149.jpg]
[htmldemo.net/khobor/khobor/img/post/post-150.jpg]
[htmldemo.net/khobor/khobor/img/post/post-151.jpg]
[htmldemo.net/khobor/khobor/img/post/post-152.jpg]
[htmldemo.net/khobor/khobor/img/post/post-144.jpg]
[htmldemo.net/khobor/khobor/img/post/post-145.jpg]
[htmldemo.net/khobor/khobor/img/post/post-146.jpg]
[htmldemo.net/khobor/khobor/img/post/post-147.jpg]
[htmldemo.net/khobor/khobor/img/post/post-148.jpg]
[htmldemo.net/khobor/khobor/category-politic.html]
[htmldemo.net/khobor/khobor/img/post/post-133.jpg]
[htmldemo.net/khobor/khobor/img/post/post-134.jpg]
[htmldemo.net/khobor/khobor/blog-details.html]
[htmldemo.net/khobor/khobor/fonts/fontawesome-webfont3e6e.svg]
